../Core/Src/main.c:83:5:main	136	static
../Core/Src/main.c:163:6:HAL_TIM_IC_CaptureCallback	24	static
../Core/Src/main.c:199:20:ESC_WriteUs	16	static
../Core/Src/main.c:206:24:map_u16	16	static
../Core/Src/main.c:218:23:ppm_to_percent	16	static
../Core/Src/main.c:225:6:displayScreen	16	static
../Core/Src/main.c:235:6:SystemClock_Config	88	static
../Core/Src/main.c:259:13:MX_I2C1_Init	8	static
../Core/Src/main.c:273:13:MX_TIM2_Init	32	static
../Core/Src/main.c:303:13:MX_TIM3_Init	48	static
../Core/Src/main.c:329:13:MX_GPIO_Init	16	static
../Core/Src/main.c:335:6:Error_Handler	4	static,ignoring_inline_asm
