../Core/Src/SH1106.c:55:9:SH1106_Init	8	static
../Core/Src/SH1106.c:95:6:SH1106_UpdateScreen	16	static
../Core/Src/SH1106.c:112:6:SH1106_ToggleInvert	16	static
../Core/Src/SH1106.c:124:6:SH1106_Fill	16	static
../Core/Src/SH1106.c:130:6:SH1106_DrawPixel	16	static
../Core/Src/SH1106.c:142:6:SH1106_GotoXY	16	static
../Core/Src/SH1106.c:148:6:SH1106_Putc	32	static
../Core/Src/SH1106.c:179:6:SH1106_Puts	24	static
../Core/Src/SH1106.c:190:6:SH1106_DrawLine	40	static
../Core/Src/SH1106.c:274:6:SH1106_DrawRectangle	32	static
../Core/Src/SH1106.c:299:6:SH1106_DrawFilledRectangle	40	static
../Core/Src/SH1106.c:326:6:SH1106_DrawTriangle	32	static
../Core/Src/SH1106.c:334:6:SH1106_DrawFilledTriangle	64	static
../Core/Src/SH1106.c:390:6:SH1106_DrawCircle	40	static
../Core/Src/SH1106.c:424:6:SH1106_DrawFilledCircle	48	static
../Core/Src/SH1106.c:457:6:SH1106_Clear	8	static
../Core/Src/SH1106.c:462:6:SH1106_ON	8	static
../Core/Src/SH1106.c:467:6:SH1106_OFF	8	static
../Core/Src/SH1106.c:473:6:SH1106_I2C_WriteMulti	296	static
../Core/Src/SH1106.c:486:6:SH1106_I2C_Write	32	static
../Core/Src/SH1106.c:494:6:SH1106_InvertDisplay	16	static
../Core/Src/SH1106.c:503:6:SH1106_DrawBitmap	32	static
